XML PARTIAL IMPORT: <naam> ... </naam> is empty.
XML PARTIAL IMPORT: BeginStation not found for tram 12
