XML PARTIAL IMPORT: Expected <STATION> ... </STATION> or <TRAM> ... </TRAM> and got <PAARD> ... </PAARD>.
