XML PARTIAL IMPORT: Tram not created, negative number of seats: -32.
