XML PARTIAL IMPORT: <spoor> ... </spoor> is empty.
