XML PARTIAL IMPORT: Station not created, invalid rail: twaalf.

XML PARTIAL IMPORT: BeginStation not found for tram 12
