XML PARTIAL IMPORT: Tram not created, invalid speed: zestig.
