XML PARTIAL IMPORT: Station not created, negative opstappen: -7.
XML PARTIAL IMPORT: BeginStation not found for tram 12
