XML PARTIAL IMPORT: Tram not created, invalid line number: twaalf.
