XML PARTIAL IMPORT: <volgende> ... </volgende> is empty.
XML PARTIAL IMPORT: BeginStation not found for tram 12
