XML PARTIAL IMPORT: <vorige> ... </vorige> is empty.
XML PARTIAL IMPORT: BeginStation not found for tram 12
