XML PARTIAL IMPORT: Station not created, invalid afstappen: twee.
XML PARTIAL IMPORT: BeginStation not found for tram 12
