XML PARTIAL IMPORT: Expected <naam> ... </naam>.
XML PARTIAL IMPORT: BeginStation not found for tram 12
