XML PARTIAL IMPORT: Expected <beginStation> ... </beginStation>.
