XML PARTIAL IMPORT: Expected <zitplaatsen> ... </zitplaatsen>.
