XML PARTIAL IMPORT: Tram not created, Albatros can only stop in : Metrostation.
