XML PARTIAL IMPORT: BeginStation not found for tram 12
