XML PARTIAL IMPORT: <snelheid> ... </snelheid> is empty.
