XML PARTIAL IMPORT: Expected <METRONET> ... </METRONET> and got <METRO> ... </METRO>.
