XML PARTIAL IMPORT: <zitplaatsen> ... </zitplaatsen> is empty.
