XML PARTIAL IMPORT: <voertuigNr> ... </voertuigNr> is empty.
