XML PARTIAL IMPORT: Expected <lijnNr> ... </lijnNr>.
