XML PARTIAL IMPORT: Expected <volgende> ... </volgende>.
