XML PARTIAL IMPORT: Station not created, negative line number: -12.
