XML PARTIAL IMPORT: Tram not created, invalid number of seats: tweeenzeventig.
