XML PARTIAL IMPORT:
Expected:
<spoor> ... </spoor> or
<volgende> ... </volgende> or
<vorige> ... </vorige>
and got: <huidig> ... </huidig>.
